[13Jul2026 21:25:26.811] [Test worker/DEBUG] [io.netty.util.internal.logging.InternalLoggerFactory/]: Using SLF4J as the default logging framework
[13Jul2026 21:25:26.813] [Test worker/DEBUG] [io.netty.util.ResourceLeakDetector/]: -Dio.netty.leakDetection.level: simple
[13Jul2026 21:25:26.813] [Test worker/DEBUG] [io.netty.util.ResourceLeakDetector/]: -Dio.netty.leakDetection.targetRecords: 4
[13Jul2026 21:25:28.681] [Test worker/INFO] [Iris/]: Iris registered custom content provider 'iris_deferred_test'
[13Jul2026 21:25:28.758] [Test worker/ERROR] [Iris/]: [worldcheck] server stop request failed
java.lang.IllegalStateException: stop request failed
	at art.arcane.iris.modded.ModdedWorldCheckTest.lambda$stopRequestFailureForcesNonzeroResult$1(ModdedWorldCheckTest.java:218) ~[test/:?]
	at art.arcane.iris.modded.ModdedWorldCheck.runAndRequestStop(ModdedWorldCheck.java:171) ~[main/:?]
	at art.arcane.iris.modded.ModdedWorldCheckTest.stopRequestFailureForcesNonzeroResult(ModdedWorldCheckTest.java:215) ~[test/:?]
	at java.base/jdk.internal.reflect.DirectMethodHandleAccessor.invoke(DirectMethodHandleAccessor.java:104) ~[?:?]
	at java.base/java.lang.reflect.Method.invoke(Method.java:565) ~[?:?]
	at org.junit.runners.model.FrameworkMethod$1.runReflectiveCall(FrameworkMethod.java:59) ~[junit-4.13.2.jar:4.13.2]
	at org.junit.internal.runners.model.ReflectiveCallable.run(ReflectiveCallable.java:12) ~[junit-4.13.2.jar:4.13.2]
	at org.junit.runners.model.FrameworkMethod.invokeExplosively(FrameworkMethod.java:56) ~[junit-4.13.2.jar:4.13.2]
	at org.junit.internal.runners.statements.InvokeMethod.evaluate(InvokeMethod.java:17) ~[junit-4.13.2.jar:4.13.2]
	at org.junit.runners.ParentRunner$3.evaluate(ParentRunner.java:306) ~[junit-4.13.2.jar:4.13.2]
	at org.junit.runners.BlockJUnit4ClassRunner$1.evaluate(BlockJUnit4ClassRunner.java:100) ~[junit-4.13.2.jar:4.13.2]
	at org.junit.runners.ParentRunner.runLeaf(ParentRunner.java:366) ~[junit-4.13.2.jar:4.13.2]
	at org.junit.runners.BlockJUnit4ClassRunner.runChild(BlockJUnit4ClassRunner.java:103) ~[junit-4.13.2.jar:4.13.2]
	at org.junit.runners.BlockJUnit4ClassRunner.runChild(BlockJUnit4ClassRunner.java:63) ~[junit-4.13.2.jar:4.13.2]
	at org.junit.runners.ParentRunner$4.run(ParentRunner.java:331) ~[junit-4.13.2.jar:4.13.2]
	at org.junit.runners.ParentRunner$1.schedule(ParentRunner.java:79) ~[junit-4.13.2.jar:4.13.2]
	at org.junit.runners.ParentRunner.runChildren(ParentRunner.java:329) ~[junit-4.13.2.jar:4.13.2]
	at org.junit.runners.ParentRunner.access$100(ParentRunner.java:66) ~[junit-4.13.2.jar:4.13.2]
	at org.junit.runners.ParentRunner$2.evaluate(ParentRunner.java:293) ~[junit-4.13.2.jar:4.13.2]
	at org.junit.runners.ParentRunner$3.evaluate(ParentRunner.java:306) ~[junit-4.13.2.jar:4.13.2]
	at org.junit.runners.ParentRunner.run(ParentRunner.java:413) ~[junit-4.13.2.jar:4.13.2]
	at org.junit.runner.JUnitCore.run(JUnitCore.java:137) ~[junit-4.13.2.jar:4.13.2]
	at org.junit.runner.JUnitCore.run(JUnitCore.java:115) ~[junit-4.13.2.jar:4.13.2]
	at org.gradle.api.internal.tasks.testing.junit.JUnitTestExecutor.runRequest(JUnitTestExecutor.java:175) ~[?:?]
	at org.gradle.api.internal.tasks.testing.junit.JUnitTestExecutor.accept(JUnitTestExecutor.java:84) ~[?:?]
	at org.gradle.api.internal.tasks.testing.junit.JUnitTestExecutor.accept(JUnitTestExecutor.java:47) ~[?:?]
	at org.gradle.api.internal.tasks.testing.junit.AbstractJUnitTestDefinitionProcessor.processTestDefinition(AbstractJUnitTestDefinitionProcessor.java:65) ~[?:?]
	at org.gradle.api.internal.tasks.testing.SuiteTestDefinitionProcessor.processTestDefinition(SuiteTestDefinitionProcessor.java:53) ~[?:?]
	at java.base/jdk.internal.reflect.DirectMethodHandleAccessor.invoke(DirectMethodHandleAccessor.java:104) ~[?:?]
	at java.base/java.lang.reflect.Method.invoke(Method.java:565) ~[?:?]
	at org.gradle.internal.dispatch.MethodInvocation.invokeOn(MethodInvocation.java:77) ~[?:?]
	at org.gradle.internal.dispatch.ReflectionDispatch.dispatch(ReflectionDispatch.java:28) ~[?:?]
	at org.gradle.internal.dispatch.ReflectionDispatch.dispatch(ReflectionDispatch.java:19) ~[?:?]
	at org.gradle.internal.dispatch.ContextClassLoaderDispatch.dispatch(ContextClassLoaderDispatch.java:33) ~[?:?]
	at org.gradle.internal.dispatch.ProxyDispatchAdapter$DispatchingInvocationHandler.invoke(ProxyDispatchAdapter.java:88) ~[?:?]
	at jdk.proxy1/jdk.proxy1.$Proxy4.processTestDefinition(Unknown Source) ~[?:?]
	at org.gradle.api.internal.tasks.testing.worker.TestWorker$2.run(TestWorker.java:178) ~[?:?]
	at org.gradle.api.internal.tasks.testing.worker.TestWorker.executeAndMaintainThreadName(TestWorker.java:126) ~[?:?]
	at org.gradle.api.internal.tasks.testing.worker.TestWorker.execute(TestWorker.java:103) ~[?:?]
	at org.gradle.api.internal.tasks.testing.worker.TestWorker.execute(TestWorker.java:63) ~[?:?]
	at org.gradle.process.internal.worker.child.ActionExecutionWorker.execute(ActionExecutionWorker.java:56) ~[?:?]
	at org.gradle.process.internal.worker.child.SystemApplicationClassLoaderWorker.call(SystemApplicationClassLoaderWorker.java:122) ~[?:?]
	at org.gradle.process.internal.worker.child.SystemApplicationClassLoaderWorker.call(SystemApplicationClassLoaderWorker.java:72) ~[?:?]
	at worker.org.gradle.process.internal.worker.GradleWorkerMain.run(GradleWorkerMain.java:69) [gradle-worker.jar:?]
	at worker.org.gradle.process.internal.worker.GradleWorkerMain.main(GradleWorkerMain.java:74) [gradle-worker.jar:?]
[13Jul2026 21:25:28.765] [Test worker/ERROR] [Iris/]: [worldcheck] waiting for server shutdown failed
java.lang.IllegalStateException: shutdown wait failed
	at art.arcane.iris.modded.ModdedWorldCheckTest.lambda$shutdownWaitFailureForcesNonzeroExit$0(ModdedWorldCheckTest.java:244) ~[test/:?]
	at art.arcane.iris.modded.ModdedWorldCheck.awaitStopAndExit(ModdedWorldCheck.java:186) ~[main/:?]
	at art.arcane.iris.modded.ModdedWorldCheckTest.shutdownWaitFailureForcesNonzeroExit(ModdedWorldCheckTest.java:242) ~[test/:?]
	at java.base/jdk.internal.reflect.DirectMethodHandleAccessor.invoke(DirectMethodHandleAccessor.java:104) ~[?:?]
	at java.base/java.lang.reflect.Method.invoke(Method.java:565) ~[?:?]
	at org.junit.runners.model.FrameworkMethod$1.runReflectiveCall(FrameworkMethod.java:59) ~[junit-4.13.2.jar:4.13.2]
	at org.junit.internal.runners.model.ReflectiveCallable.run(ReflectiveCallable.java:12) ~[junit-4.13.2.jar:4.13.2]
	at org.junit.runners.model.FrameworkMethod.invokeExplosively(FrameworkMethod.java:56) ~[junit-4.13.2.jar:4.13.2]
	at org.junit.internal.runners.statements.InvokeMethod.evaluate(InvokeMethod.java:17) ~[junit-4.13.2.jar:4.13.2]
	at org.junit.runners.ParentRunner$3.evaluate(ParentRunner.java:306) ~[junit-4.13.2.jar:4.13.2]
	at org.junit.runners.BlockJUnit4ClassRunner$1.evaluate(BlockJUnit4ClassRunner.java:100) ~[junit-4.13.2.jar:4.13.2]
	at org.junit.runners.ParentRunner.runLeaf(ParentRunner.java:366) ~[junit-4.13.2.jar:4.13.2]
	at org.junit.runners.BlockJUnit4ClassRunner.runChild(BlockJUnit4ClassRunner.java:103) ~[junit-4.13.2.jar:4.13.2]
	at org.junit.runners.BlockJUnit4ClassRunner.runChild(BlockJUnit4ClassRunner.java:63) ~[junit-4.13.2.jar:4.13.2]
	at org.junit.runners.ParentRunner$4.run(ParentRunner.java:331) ~[junit-4.13.2.jar:4.13.2]
	at org.junit.runners.ParentRunner$1.schedule(ParentRunner.java:79) ~[junit-4.13.2.jar:4.13.2]
	at org.junit.runners.ParentRunner.runChildren(ParentRunner.java:329) ~[junit-4.13.2.jar:4.13.2]
	at org.junit.runners.ParentRunner.access$100(ParentRunner.java:66) ~[junit-4.13.2.jar:4.13.2]
	at org.junit.runners.ParentRunner$2.evaluate(ParentRunner.java:293) ~[junit-4.13.2.jar:4.13.2]
	at org.junit.runners.ParentRunner$3.evaluate(ParentRunner.java:306) ~[junit-4.13.2.jar:4.13.2]
	at org.junit.runners.ParentRunner.run(ParentRunner.java:413) ~[junit-4.13.2.jar:4.13.2]
	at org.junit.runner.JUnitCore.run(JUnitCore.java:137) ~[junit-4.13.2.jar:4.13.2]
	at org.junit.runner.JUnitCore.run(JUnitCore.java:115) ~[junit-4.13.2.jar:4.13.2]
	at org.gradle.api.internal.tasks.testing.junit.JUnitTestExecutor.runRequest(JUnitTestExecutor.java:175) ~[?:?]
	at org.gradle.api.internal.tasks.testing.junit.JUnitTestExecutor.accept(JUnitTestExecutor.java:84) ~[?:?]
	at org.gradle.api.internal.tasks.testing.junit.JUnitTestExecutor.accept(JUnitTestExecutor.java:47) ~[?:?]
	at org.gradle.api.internal.tasks.testing.junit.AbstractJUnitTestDefinitionProcessor.processTestDefinition(AbstractJUnitTestDefinitionProcessor.java:65) ~[?:?]
	at org.gradle.api.internal.tasks.testing.SuiteTestDefinitionProcessor.processTestDefinition(SuiteTestDefinitionProcessor.java:53) ~[?:?]
	at java.base/jdk.internal.reflect.DirectMethodHandleAccessor.invoke(DirectMethodHandleAccessor.java:104) ~[?:?]
	at java.base/java.lang.reflect.Method.invoke(Method.java:565) ~[?:?]
	at org.gradle.internal.dispatch.MethodInvocation.invokeOn(MethodInvocation.java:77) ~[?:?]
	at org.gradle.internal.dispatch.ReflectionDispatch.dispatch(ReflectionDispatch.java:28) ~[?:?]
	at org.gradle.internal.dispatch.ReflectionDispatch.dispatch(ReflectionDispatch.java:19) ~[?:?]
	at org.gradle.internal.dispatch.ContextClassLoaderDispatch.dispatch(ContextClassLoaderDispatch.java:33) ~[?:?]
	at org.gradle.internal.dispatch.ProxyDispatchAdapter$DispatchingInvocationHandler.invoke(ProxyDispatchAdapter.java:88) ~[?:?]
	at jdk.proxy1/jdk.proxy1.$Proxy4.processTestDefinition(Unknown Source) ~[?:?]
	at org.gradle.api.internal.tasks.testing.worker.TestWorker$2.run(TestWorker.java:178) ~[?:?]
	at org.gradle.api.internal.tasks.testing.worker.TestWorker.executeAndMaintainThreadName(TestWorker.java:126) ~[?:?]
	at org.gradle.api.internal.tasks.testing.worker.TestWorker.execute(TestWorker.java:103) ~[?:?]
	at org.gradle.api.internal.tasks.testing.worker.TestWorker.execute(TestWorker.java:63) ~[?:?]
	at org.gradle.process.internal.worker.child.ActionExecutionWorker.execute(ActionExecutionWorker.java:56) ~[?:?]
	at org.gradle.process.internal.worker.child.SystemApplicationClassLoaderWorker.call(SystemApplicationClassLoaderWorker.java:122) ~[?:?]
	at org.gradle.process.internal.worker.child.SystemApplicationClassLoaderWorker.call(SystemApplicationClassLoaderWorker.java:72) ~[?:?]
	at worker.org.gradle.process.internal.worker.GradleWorkerMain.run(GradleWorkerMain.java:69) [gradle-worker.jar:?]
	at worker.org.gradle.process.internal.worker.GradleWorkerMain.main(GradleWorkerMain.java:74) [gradle-worker.jar:?]
[13Jul2026 21:25:28.769] [Test worker/ERROR] [Iris/]: [worldcheck] check failed
java.lang.IllegalStateException: check failed
	at art.arcane.iris.modded.ModdedWorldCheckTest.lambda$thrownCheckStillRequestsStop$0(ModdedWorldCheckTest.java:204) ~[test/:?]
	at art.arcane.iris.modded.ModdedWorldCheck.runAndRequestStop(ModdedWorldCheck.java:166) ~[main/:?]
	at art.arcane.iris.modded.ModdedWorldCheckTest.thrownCheckStillRequestsStop(ModdedWorldCheckTest.java:202) ~[test/:?]
	at java.base/jdk.internal.reflect.DirectMethodHandleAccessor.invoke(DirectMethodHandleAccessor.java:104) ~[?:?]
	at java.base/java.lang.reflect.Method.invoke(Method.java:565) ~[?:?]
	at org.junit.runners.model.FrameworkMethod$1.runReflectiveCall(FrameworkMethod.java:59) ~[junit-4.13.2.jar:4.13.2]
	at org.junit.internal.runners.model.ReflectiveCallable.run(ReflectiveCallable.java:12) ~[junit-4.13.2.jar:4.13.2]
	at org.junit.runners.model.FrameworkMethod.invokeExplosively(FrameworkMethod.java:56) ~[junit-4.13.2.jar:4.13.2]
	at org.junit.internal.runners.statements.InvokeMethod.evaluate(InvokeMethod.java:17) ~[junit-4.13.2.jar:4.13.2]
	at org.junit.runners.ParentRunner$3.evaluate(ParentRunner.java:306) ~[junit-4.13.2.jar:4.13.2]
	at org.junit.runners.BlockJUnit4ClassRunner$1.evaluate(BlockJUnit4ClassRunner.java:100) ~[junit-4.13.2.jar:4.13.2]
	at org.junit.runners.ParentRunner.runLeaf(ParentRunner.java:366) ~[junit-4.13.2.jar:4.13.2]
	at org.junit.runners.BlockJUnit4ClassRunner.runChild(BlockJUnit4ClassRunner.java:103) ~[junit-4.13.2.jar:4.13.2]
	at org.junit.runners.BlockJUnit4ClassRunner.runChild(BlockJUnit4ClassRunner.java:63) ~[junit-4.13.2.jar:4.13.2]
	at org.junit.runners.ParentRunner$4.run(ParentRunner.java:331) ~[junit-4.13.2.jar:4.13.2]
	at org.junit.runners.ParentRunner$1.schedule(ParentRunner.java:79) ~[junit-4.13.2.jar:4.13.2]
	at org.junit.runners.ParentRunner.runChildren(ParentRunner.java:329) ~[junit-4.13.2.jar:4.13.2]
	at org.junit.runners.ParentRunner.access$100(ParentRunner.java:66) ~[junit-4.13.2.jar:4.13.2]
	at org.junit.runners.ParentRunner$2.evaluate(ParentRunner.java:293) ~[junit-4.13.2.jar:4.13.2]
	at org.junit.runners.ParentRunner$3.evaluate(ParentRunner.java:306) ~[junit-4.13.2.jar:4.13.2]
	at org.junit.runners.ParentRunner.run(ParentRunner.java:413) ~[junit-4.13.2.jar:4.13.2]
	at org.junit.runner.JUnitCore.run(JUnitCore.java:137) ~[junit-4.13.2.jar:4.13.2]
	at org.junit.runner.JUnitCore.run(JUnitCore.java:115) ~[junit-4.13.2.jar:4.13.2]
	at org.gradle.api.internal.tasks.testing.junit.JUnitTestExecutor.runRequest(JUnitTestExecutor.java:175) ~[?:?]
	at org.gradle.api.internal.tasks.testing.junit.JUnitTestExecutor.accept(JUnitTestExecutor.java:84) ~[?:?]
	at org.gradle.api.internal.tasks.testing.junit.JUnitTestExecutor.accept(JUnitTestExecutor.java:47) ~[?:?]
	at org.gradle.api.internal.tasks.testing.junit.AbstractJUnitTestDefinitionProcessor.processTestDefinition(AbstractJUnitTestDefinitionProcessor.java:65) ~[?:?]
	at org.gradle.api.internal.tasks.testing.SuiteTestDefinitionProcessor.processTestDefinition(SuiteTestDefinitionProcessor.java:53) ~[?:?]
	at java.base/jdk.internal.reflect.DirectMethodHandleAccessor.invoke(DirectMethodHandleAccessor.java:104) ~[?:?]
	at java.base/java.lang.reflect.Method.invoke(Method.java:565) ~[?:?]
	at org.gradle.internal.dispatch.MethodInvocation.invokeOn(MethodInvocation.java:77) ~[?:?]
	at org.gradle.internal.dispatch.ReflectionDispatch.dispatch(ReflectionDispatch.java:28) ~[?:?]
	at org.gradle.internal.dispatch.ReflectionDispatch.dispatch(ReflectionDispatch.java:19) ~[?:?]
	at org.gradle.internal.dispatch.ContextClassLoaderDispatch.dispatch(ContextClassLoaderDispatch.java:33) ~[?:?]
	at org.gradle.internal.dispatch.ProxyDispatchAdapter$DispatchingInvocationHandler.invoke(ProxyDispatchAdapter.java:88) ~[?:?]
	at jdk.proxy1/jdk.proxy1.$Proxy4.processTestDefinition(Unknown Source) ~[?:?]
	at org.gradle.api.internal.tasks.testing.worker.TestWorker$2.run(TestWorker.java:178) ~[?:?]
	at org.gradle.api.internal.tasks.testing.worker.TestWorker.executeAndMaintainThreadName(TestWorker.java:126) ~[?:?]
	at org.gradle.api.internal.tasks.testing.worker.TestWorker.execute(TestWorker.java:103) ~[?:?]
	at org.gradle.api.internal.tasks.testing.worker.TestWorker.execute(TestWorker.java:63) ~[?:?]
	at org.gradle.process.internal.worker.child.ActionExecutionWorker.execute(ActionExecutionWorker.java:56) ~[?:?]
	at org.gradle.process.internal.worker.child.SystemApplicationClassLoaderWorker.call(SystemApplicationClassLoaderWorker.java:122) ~[?:?]
	at org.gradle.process.internal.worker.child.SystemApplicationClassLoaderWorker.call(SystemApplicationClassLoaderWorker.java:72) ~[?:?]
	at worker.org.gradle.process.internal.worker.GradleWorkerMain.run(GradleWorkerMain.java:69) [gradle-worker.jar:?]
	at worker.org.gradle.process.internal.worker.GradleWorkerMain.main(GradleWorkerMain.java:74) [gradle-worker.jar:?]
